  ??????????????????????????????????? ????????????????????????????????????????????????????????????????????????????????
  ? Workspaces                      ? ? main (local) ? primary ? /repo/primary/ws [Copy] [IDE]                       ?
  ????????????????????????????????? ? ? ???????????????????????????????????????????????????????????????????????????? ?
  ? ? Ungrouped                     ? ?  ? Info  amp-0 ?  amp-1 ?  + New Agent                                       ?
  ? ? primary                       ? ? ???????????????????????????????????????????????????????????????????????????? ?
  ? ? primary ? Default ? Clean ? T ? ? frame 2 -xxxxxxxxxxxxxxxxxxxxxx                                              ?
  ?                                 ? ?                                                                              ?
  ? + New Workspace                 ? ?                                                                              ?
  ?                                 ? ?                                                                              ?
  ?                                 ? ?                                                                              ?
  ?                                 ? ?                                                                              ?
  ?                                 ? ?                                                                              ?
  ?                                 ? ?                                                                              ?
  ?                                 ? ?                                                                              ?
  ?                                 ? ?                                                                              ?
  ?                                 ? ?                                                                              ?
  ?                                 ? ?                                                                              ?
  ?                                 ? ?                                                                              ?
  ?                                 ? ?                                                                              ?
  ?                                 ? ?                                                                              ?
  ?                                 ? ????????????????????????????????????????????????????????????????????????????????
  ?                                 ? ????????????????????????????????????????????????????????????????????????????????
  ?        [?] [M] [S] [U]          ? ? Terminal (click ? to expand)                                               ? ?
  ??????????????????????????????????? ????????????????????????????????????????????????????????????????????????????????