  ??????????????????????????????????? ????????????????????????????????????????????????????????????????????????????????
  ? Workspaces                      ? ? main (local) ? primary ? .../ws [Copy] [IDE]  [Commit] [Merge to main (local ?
  ????????????????????????????????? ? ? ???????????????????????????????????????????????????????????????????????????? ?
  ?                                 ? ?  ? Info  amp-0 ?  amp-1 ?  + New  + New (Custom)                             ?
  ? In Progress                     ? ? ???????????????????????????????????????????????????????????????????????????? ?
  ?                                 ? ? frame 2 -xxxxxxxxxxxxxxxxxxxxxx                                              ?
  ? ? primary (D) ?                 ? ?                                                                              ?
  ?  primary                        ? ?                                                                              ?
  ?  .../repo/primary/ws            ? ?                                                                              ?
  ?                                 ? ?                                                                              ?
  ?                                 ? ?                                                                              ?
  ? + New Workspace                 ? ?                                                                              ?
  ?                                 ? ?                                                                              ?
  ?                                 ? ?                                                                              ?
  ?                                 ? ?                                                                              ?
  ?                                 ? ?                                                                              ?
  ?                                 ? ?                                                                              ?
  ?                                 ? ?                                                                              ?
  ?                                 ? ?                                                                              ?
  ?                                 ? ?                                                                              ?
  ?                                 ? ????????????????????????????????????????????????????????????????????????????????
  ?                                 ? ????????????????????????????????????????????????????????????????????????????????
  ?          [?] [M] [S]            ? ? Terminal (click ? to expand)                                               ? ?
  ??????????????????????????????????? ????????????????????????????????????????????????????????????????????????????????